{ShowName:Would I Lie To You? Name:Would I Lie To You   WEB h264 KOMPOST Episode:6 Season:12 Magnet:magnet:?xt=urn:btih:187EBB1E84C3F304B059CCEA4A3887B5BB143E88&dn=Would+I+Lie+To+You+S12E06+720p+WEB+h264+KOMPOST&tr=udp%3A%2F%2Ftest.test.tk%3A6969%2Fannounce&tr=udp%3A%2F%2Ftest.leechers-paradise.org%3A6969%2Fannounce&tr=udp%3A%2F%2Ftest.opentrackr.org%3A1337%2Fannounce&tr=http%3A%2F%2Ftest.test2.com%3A80%2Fannounce Quality:720p ReleaseDate:2018-12-04 17:05:06 +0000 +0000}
{ShowName:This is Us Name:This Is Us  HDTV x264 SVA Episode:9 Season:3 Magnet:magnet:?xt=urn:btih:48CE0C731F7C3580855FF0BB2130131914CEA14C&dn=This+Is+Us+S03E09+HDTV+x264+SVA&tr=udp%3A%2F%2Ftest.test.tk%3A6969%2Fannounce&tr=udp%3A%2F%2Ftest.leechers-paradise.org%3A6969%2Fannounce&tr=udp%3A%2F%2Ftest.opentrackr.org%3A1337%2Fannounce&tr=http%3A%2F%2Ftest.test2.com%3A80%2Fannounce Quality:SD ReleaseDate:2018-11-28 03:25:21 +0000 +0000}
